GT1,id,submitted_us,completed_us,drain_us
GT1,0,195,16201,16006
GT1,1,120,16465,16345
GT1,2,121,15810,15689
GT1,3,122,16208,16086
GT1,4,121,16558,16437
GT1,5,121,15830,15709
GT1,6,121,16292,16171
GT1,7,133,16672,16539
GT1,8,121,15833,15712
GT1,9,121,16384,16263
GT1,10,132,15753,15621
GT1,11,196,16129,15933
GT1,12,120,16487,16367
GT1,13,121,15831,15710
GT1,14,121,16230,16109
GT1,15,122,16578,16456
GT1,16,157,15834,15677
GT1,17,124,16305,16181
GT1,18,131,15707,15576
GT1,19,128,15957,15829
GT1,20,122,16364,16242
GT1,21,134,15759,15625
GT1,22,196,16136,15940
GT1,23,120,16549,16429
GT1,24,121,15796,15675
GT1,25,122,16249,16127
GT1,26,121,16599,16478
GT1,27,121,15834,15713
GT1,28,121,16340,16219
GT1,29,132,15694,15562
GT1,30,126,15956,15830
GT1,31,121,16420,16299
GT1,32,121,15768,15647
GT1,33,196,16167,15971
GT1,34,119,16522,16403
GT1,35,127,15830,15703
GT1,36,121,16245,16124
GT1,37,121,16602,16481
GT1,38,121,15834,15713
GT1,39,123,16361,16238
GT1,40,132,15739,15607
GT1,41,199,16054,15855
GT1,42,121,16423,16302
GT1,43,134,15768,15634
GT1,44,195,16180,15985
GT1,45,120,16544,16424
GT1,46,122,15831,15709
GT1,47,157,16279,16122
GT1,48,121,16622,16501
GT1,49,121,15834,15713
GT1,50,121,16357,16236
GT1,51,132,15725,15593
GT1,52,201,16134,15933
GT1,53,125,16462,16337
GT1,54,121,15793,15672
GT1,55,121,16201,16080
GT1,56,121,16540,16419
GT1,57,121,15830,15709
GT1,58,121,16336,16215
GT1,59,121,16648,16527
GT1,60,121,15834,15713
GT1,61,121,16381,16260
GT1,62,131,15776,15645
GT1,63,195,16122,15927
GT1,64,120,16485,16365
GT1,65,121,15810,15689
GT1,66,121,16214,16093
GT1,67,121,16560,16439
GT1,68,121,15834,15713
GT1,69,121,16301,16180
GT1,70,121,16663,16542
GT1,71,121,15835,15714
GT1,72,123,16375,16252
GT1,73,131,15774,15643
GT1,74,235,16136,15901
GT1,75,120,16490,16370
GT1,76,121,15831,15710
GT1,77,121,16218,16097
GT1,78,121,16546,16425
GT1,79,121,15834,15713
GT1,80,121,16322,16201
GT1,81,132,15709,15577
GT1,82,126,15930,15804
GT1,83,121,16402,16281
GT1,84,130,15759,15629
GT1,85,195,16146,15951
GT1,86,120,16506,16386
GT1,87,121,15830,15709
GT1,88,121,16238,16117
GT1,89,120,16601,16481
GT1,90,126,15826,15700
GT1,91,121,16342,16221
GT1,92,133,15695,15562
GT1,93,126,15968,15842
GT1,94,121,16409,16288
GT1,95,121,15768,15647
GT1,96,195,16154,15959
GT1,97,120,16522,16402
GT1,98,121,15830,15709
GT1,99,121,16260,16139
GT1,100,121,16601,16480
GT1,101,157,15834,15677
GT1,102,121,16345,16224
GT1,103,132,15738,15606
GT1,104,199,16067,15868
GT1,105,157,16442,16285
GT1,106,121,15769,15648
GT1,107,195,16175,15980
GT1,108,126,16521,16395
GT1,109,121,15797,15676
GT1,110,121,16280,16159
GT1,111,121,16622,16501
GT1,112,121,15834,15713
GT1,113,121,16366,16245
GT1,114,131,15761,15630
GT1,115,198,16113,15915
GT1,116,120,16465,16345
GT1,117,121,15794,15673
GT1,118,192,16193,16001
GT1,119,121,16540,16419
GT1,id,submitted_us,completed_us,drain_us
GT1,0,561,14964,14403
GT1,1,580,16257,15677
GT1,2,487,15691,15204
GT1,3,498,15856,15358
GT1,4,554,16324,15770
GT1,5,527,15697,15170
GT1,6,497,15962,15465
GT1,7,559,16410,15851
GT1,8,491,15745,15254
GT1,9,613,16144,15531
GT1,10,555,16506,15951
GT1,11,491,15825,15334
GT1,12,572,16230,15658
GT1,13,515,15690,15175
GT1,14,500,15877,15377
GT1,15,556,16326,15770
GT1,16,501,15704,15203
GT1,17,504,15947,15443
GT1,18,564,16431,15867
GT1,19,493,15762,15269
GT1,20,575,16151,15576
GT1,21,569,15633,15064
GT1,22,490,15822,15332
GT1,23,559,16263,15704
GT1,24,482,15690,15208
GT1,25,497,15916,15419
GT1,26,567,16340,15773
GT1,27,491,15683,15192
GT1,28,575,16083,15508
GT1,29,566,16438,15872
GT1,30,495,15784,15289
GT1,31,571,16170,15599
GT1,32,591,15623,15032
GT1,33,492,15846,15354
GT1,34,563,16274,15711
GT1,35,492,15691,15199
GT1,36,537,15934,15397
GT1,37,566,16357,15791
GT1,38,491,15701,15210
GT1,39,577,16089,15512
GT1,40,597,16448,15851
GT1,41,496,15786,15290
GT1,42,577,16192,15615
GT1,43,556,15654,15098
GT1,44,535,15828,15293
GT1,45,561,16281,15720
GT1,46,487,15677,15190
GT1,47,500,15941,15441
GT1,48,565,16352,15787
GT1,49,502,15744,15242
GT1,50,594,16107,15513
GT1,51,571,16467,15896
GT1,52,509,15772,15263
GT1,53,585,16204,15619
GT1,54,569,15661,15092
GT1,55,497,15844,15347
GT1,56,556,16304,15748
GT1,57,480,15680,15200
GT1,58,499,15963,15464
GT1,59,558,16389,15831
GT1,60,492,15742,15250
GT1,61,572,16130,15558
GT1,62,557,16480,15923
GT1,63,532,15824,15292
GT1,64,574,16216,15642
GT1,65,486,15682,15196
GT1,66,496,15858,15362
GT1,67,599,16325,15726
GT1,68,497,15697,15200
GT1,69,500,15977,15477
GT1,70,567,16405,15838
GT1,71,527,15745,15218
GT1,72,572,16137,15565
GT1,73,558,16514,15956
GT1,74,488,15824,15336
GT1,75,607,16233,15626
GT1,76,482,15690,15208
GT1,77,499,15881,15382
GT1,78,559,16325,15766
GT1,79,504,15703,15199
GT1,80,503,15996,15493
GT1,81,572,16431,15859
GT1,82,492,15762,15270
GT1,83,595,16156,15561
GT1,84,555,15617,15062
GT1,85,492,15836,15344
GT1,86,556,16261,15705
GT1,87,481,15675,15194
GT1,88,506,15911,15405
GT1,89,581,16347,15766
GT1,90,493,15681,15188
GT1,91,501,15996,15495
GT1,92,559,16451,15892
GT1,93,491,15786,15295
GT1,94,615,16168,15553
GT1,95,556,15622,15066
GT1,96,492,15835,15343
GT1,97,570,16271,15701
GT1,98,519,15672,15153
GT1,99,502,15927,15425
GT1,100,562,16369,15807
GT1,101,494,15701,15207
GT1,102,611,16087,15476
GT1,103,574,16450,15876
GT1,104,503,15785,15282
GT1,105,570,16188,15618
GT1,106,599,15690,15091
GT1,107,505,15825,15320
GT1,108,568,16282,15714
GT1,109,485,15672,15187
GT1,110,502,15907,15405
GT1,111,562,16383,15821
GT1,112,492,15714,15222
GT1,113,569,16110,15541
GT1,114,557,16477,15920
GT1,115,501,15797,15296
GT1,116,580,16212,15632
GT1,117,555,15659,15104
GT1,118,489,15839,15350
GT1,119,558,16304,15746
GT1,id,submitted_us,completed_us,drain_us
GT1,0,7817,15335,7518
GT1,1,7643,15343,7700
GT1,2,7779,15362,7583
GT1,3,7612,15361,7749
GT1,4,7615,15261,7646
GT1,5,7474,15280,7806
GT1,6,7617,15398,7781
GT1,7,7598,15409,7811
GT1,8,7537,15470,7933
GT1,9,7674,15374,7700
GT1,10,7713,15476,7763
GT1,11,7554,15403,7849
GT1,12,7827,12401,4574
GT1,13,8845,13553,4708
GT1,14,7803,15338,7535
GT1,15,7859,15411,7552
GT1,16,7920,15438,7518
GT1,17,7846,15309,7463
GT1,18,7837,15423,7586
GT1,19,15230,28114,12884
GT1,20,7273,16462,9189
GT1,21,7246,16559,9313
GT1,22,7232,16438,9206
GT1,23,7289,16495,9206
GT1,24,9146,15189,6043
GT1,25,9238,15301,6063
GT1,26,9109,15317,6208
GT1,27,9099,15224,6125
GT1,28,9069,15220,6151
GT1,29,9195,15337,6142
GT1,30,9244,15440,6196
GT1,31,9210,15457,6247
GT1,32,9159,15452,6293
GT1,33,9354,15471,6117
GT1,34,8992,15417,6425
GT1,35,8679,15231,6552
GT1,36,8809,12308,3499
GT1,37,8783,12255,3472
GT1,38,21942,27438,5496
GT1,39,8834,12419,3585
GT1,40,8694,12397,3703
GT1,41,8634,12409,3775
GT1,42,8347,12386,4039
GT1,43,8449,12509,4060
GT1,44,8330,12474,4144
GT1,45,8144,12385,4241
GT1,46,8075,12403,4328
GT1,47,8101,12453,4352
GT1,48,8160,25849,17689
GT1,49,8141,25576,17435
GT1,50,11146,25340,14194
GT1,51,8275,12392,4117
GT1,52,8139,12494,4355
GT1,53,8000,12499,4499
GT1,54,8029,12408,4379
GT1,55,7955,12399,4444
GT1,56,7870,12384,4514
GT1,57,7993,12430,4437
GT1,58,8001,12385,4384
GT1,59,8011,12467,4456
GT1,60,8215,26002,17787
GT1,61,8144,25991,17847
GT1,62,8180,25914,17734
GT1,63,8214,25939,17725
GT1,64,8299,25633,17334
GT1,65,8175,25860,17685
GT1,66,10924,24445,13521
GT1,67,1118,19451,18333
GT1,68,1079,16435,15356
GT1,69,1349,16593,15244
GT1,70,1089,16524,15435
GT1,71,1355,16412,15057
GT1,72,1915,16602,14687
GT1,73,8080,25494,17414
GT1,74,10303,25160,14857
GT1,75,8096,12317,4221
GT1,76,8137,12332,4195
GT1,77,20883,27456,6573
GT1,78,7984,13708,5724
GT1,79,8081,15144,7063
GT1,80,8083,15303,7220
GT1,81,8092,15322,7230
GT1,82,8172,15289,7117
GT1,83,8090,15234,7144
GT1,84,8256,12183,3927
GT1,85,8235,12146,3911
GT1,86,8136,12152,4016
GT1,87,8096,12013,3917
GT1,88,8075,12089,4014
GT1,89,9740,29372,19632
GT1,90,4886,16078,11192
GT1,91,8177,12316,4139
GT1,92,8127,12330,4203
GT1,93,8078,12355,4277
GT1,94,8041,12179,4138
GT1,95,8139,11917,3778
GT1,96,8261,25750,17489
GT1,97,11074,26845,15771
GT1,98,8468,12298,3830
GT1,99,8600,12341,3741
GT1,100,8637,12365,3728
GT1,101,8484,12299,3815
GT1,102,8270,13657,5387
GT1,103,14518,27910,13392
GT1,104,7685,16471,8786
GT1,105,7412,16407,8995
GT1,106,7744,16473,8729
GT1,107,7558,16557,8999
GT1,108,9493,15169,5676
GT1,109,10547,16392,5845
GT1,110,7810,16249,8439
GT1,111,7983,16535,8552
GT1,112,7901,16493,8592
GT1,113,7909,16438,8529
GT1,114,7988,16373,8385
GT1,115,22638,33181,10543
GT1,116,7787,16483,8696
GT1,117,7403,16427,9024
GT1,118,7368,16499,9131
GT1,119,7417,16552,9135
GT1,id,submitted_us,completed_us,drain_us
GT1,0,118151,118171,20
GT1,1,100512,100532,20
GT1,2,91934,91950,16
GT1,3,80442,80470,28
GT1,4,84679,84697,18
GT1,5,85283,85300,17
GT1,6,82145,82162,17
GT1,7,71584,71602,18
GT1,8,86574,86591,17
GT1,9,82721,82738,17
GT1,10,84417,84436,19
GT1,11,85862,85880,18
GT1,12,95197,95215,18
GT1,13,91102,91120,18
GT1,14,88745,88762,17
GT1,15,89796,89813,17
GT1,16,93663,93683,20
GT1,17,94576,94595,19
GT1,18,98743,98760,17
GT1,19,107298,107315,17
GT1,20,110417,110435,18
GT1,21,96241,96261,20
GT1,22,96283,96303,20
GT1,23,106782,106799,17
GT1,24,93024,93041,17
GT1,25,92093,92112,19
GT1,26,80501,80518,17
GT1,27,85083,85102,19
GT1,28,103642,103662,20
GT1,29,84042,84060,18
GT1,30,87378,87398,20
GT1,31,86087,86103,16
GT1,32,82746,82765,19
GT1,33,69927,69946,19
GT1,34,76514,76529,15
GT1,35,75721,75736,15
GT1,36,63932,63948,16
GT1,37,65041,65057,16
GT1,38,61935,61952,17
GT1,39,53503,53520,17
GT1,40,54522,54540,18
GT1,41,67053,67067,14
GT1,42,68254,68269,15
GT1,43,49799,49813,14
GT1,44,53747,53762,15
GT1,45,67547,67561,14
GT1,46,66383,66398,15
GT1,47,64055,64069,14
GT1,48,64761,64786,25
GT1,49,62614,62629,15
GT1,50,68424,68439,15
GT1,51,62170,62185,15
GT1,52,61994,62010,16
GT1,53,61941,61959,18
GT1,54,67439,67455,16
GT1,55,72697,72713,16
GT1,56,81729,81745,16
GT1,57,77534,77549,15
GT1,58,89987,90004,17
GT1,59,86868,86882,14
GT1,60,73569,73584,15
GT1,61,75945,75960,15
GT1,62,75815,75830,15
GT1,63,74538,74550,12
GT1,64,76358,76370,12
GT1,65,76805,76820,15
GT1,66,79596,79610,14
GT1,67,81457,81472,15
GT1,68,88045,88060,15
GT1,69,84134,84149,15
GT1,70,90031,90046,15
GT1,71,91411,91428,17
GT1,72,73913,73928,15
GT1,73,84455,84470,15
GT1,74,82943,82960,17
GT1,75,78603,78619,16
GT1,76,94058,94076,18
GT1,77,87380,87397,17
GT1,78,80248,80265,17
GT1,79,77618,77635,17
GT1,80,77720,77735,15
GT1,81,80202,80219,17
GT1,82,83635,83653,18
GT1,83,70345,70364,19
GT1,84,66177,66195,18
GT1,85,82378,82397,19
GT1,86,76628,76646,18
GT1,87,77261,77280,19
GT1,88,78872,78889,17
GT1,89,81076,81092,16
GT1,90,72527,72542,15
GT1,91,77909,77926,17
GT1,92,77146,77163,17
GT1,93,80468,80485,17
GT1,94,73805,73822,17
GT1,95,79122,79139,17
GT1,96,78759,78776,17
GT1,97,65572,65586,14
GT1,98,76936,76950,14
GT1,99,72792,72809,17
GT1,100,76965,76982,17
GT1,101,65472,65489,17
GT1,102,77184,77212,28
GT1,103,70482,70499,17
GT1,104,61536,61553,17
GT1,105,69098,69115,17
GT1,106,60251,60265,14
GT1,107,69692,69706,14
GT1,108,62502,62519,17
GT1,109,80072,80089,17
GT1,110,78440,78457,17
GT1,111,81826,81854,28
GT1,112,84911,84928,17
GT1,113,81591,81608,17
GT1,114,77616,77632,16
GT1,115,88728,88742,14
GT1,116,81176,81191,15
GT1,117,85159,85176,17
GT1,118,86865,86882,17
GT1,119,90812,90829,17
GT1,id,submitted_us,completed_us,drain_us
GT1,0,107012,107030,18
GT1,1,104173,104193,20
GT1,2,78161,78180,19
GT1,3,83536,83556,20
GT1,4,79396,79414,18
GT1,5,87366,87386,20
GT1,6,84495,84515,20
GT1,7,79296,79313,17
GT1,8,80225,80242,17
GT1,9,85162,85182,20
GT1,10,86993,87013,20
GT1,11,88061,88081,20
GT1,12,99802,99819,17
GT1,13,94102,94120,18
GT1,14,90943,90961,18
GT1,15,98858,98878,20
GT1,16,95703,95722,19
GT1,17,96448,96469,21
GT1,18,99948,99968,20
GT1,19,108251,108270,19
GT1,20,105405,105420,15
GT1,21,107047,107062,15
GT1,22,110036,110056,20
GT1,23,99572,99593,21
GT1,24,93151,93172,21
GT1,25,91975,91996,21
GT1,26,96354,96373,19
GT1,27,100434,100454,20
GT1,28,99566,99587,21
GT1,29,81573,81590,17
GT1,30,87162,87179,17
GT1,31,85577,85594,17
GT1,32,82629,82647,18
GT1,33,71127,71147,20
GT1,34,71173,71193,20
GT1,35,67698,67717,19
GT1,36,71272,71290,18
GT1,37,69027,69046,19
GT1,38,61763,61790,27
GT1,39,63300,63317,17
GT1,40,63579,63598,19
GT1,41,53923,53942,19
GT1,42,56039,56056,17
GT1,43,55064,55083,19
GT1,44,55992,56010,18
GT1,45,58340,58368,28
GT1,46,55494,55512,18
GT1,47,65721,65739,18
GT1,48,69665,69683,18
GT1,49,64959,64977,18
GT1,50,53968,53985,17
GT1,51,71316,71333,17
GT1,52,63023,63040,17
GT1,53,67614,67631,17
GT1,54,65882,65899,17
GT1,55,69240,69257,17
GT1,56,65924,65941,17
GT1,57,82416,82444,28
GT1,58,85258,85274,16
GT1,59,77602,77619,17
GT1,60,80256,80274,18
GT1,61,71889,71907,18
GT1,62,76087,76104,17
GT1,63,93043,93060,17
GT1,64,71070,71084,14
GT1,65,90201,90215,14
GT1,66,80771,80788,17
GT1,67,75540,75568,28
GT1,68,91330,91349,19
GT1,69,86310,86329,19
GT1,70,87914,87930,16
GT1,71,87206,87223,17
GT1,72,71133,71145,12
GT1,73,79271,79283,12
GT1,74,91458,91470,12
GT1,75,75631,75643,12
GT1,76,91912,91925,13
GT1,77,78003,78015,12
GT1,78,77479,77491,12
GT1,79,78214,78226,12
GT1,80,70716,70728,12
GT1,81,80787,80799,12
GT1,82,75555,75568,13
GT1,83,71061,71073,12
GT1,84,81360,81372,12
GT1,85,68216,68228,12
GT1,86,77529,77542,13
GT1,87,75781,75800,19
GT1,88,72966,72983,17
GT1,89,74753,74781,28
GT1,90,79331,79343,12
GT1,91,72438,72455,17
GT1,92,77164,77181,17
GT1,93,78188,78205,17
GT1,94,72754,72771,17
GT1,95,80884,80900,16
GT1,96,72996,73013,17
GT1,97,75308,75336,28
GT1,98,77000,77013,13
GT1,99,80699,80716,17
GT1,100,74234,74251,17
GT1,101,79624,79642,18
GT1,102,71699,71718,19
GT1,103,69894,69913,19
GT1,104,73372,73389,17
GT1,105,75852,75870,18
GT1,106,62891,62904,13
GT1,107,61421,61435,14
GT1,108,68161,68179,18
GT1,109,71195,71212,17
GT1,110,69018,69036,18
GT1,111,78047,78065,18
GT1,112,83003,83020,17
GT1,113,85049,85067,18
GT1,114,81754,81771,17
GT1,115,75770,75784,14
GT1,116,78692,78706,14
GT1,117,90229,90247,18
GT1,118,73365,73384,19
GT1,119,91947,91965,18
GT1,id,submitted_us,completed_us,drain_us
GT1,0,9116,18058,8942
GT1,1,7408,15793,8385
GT1,2,7225,16482,9257
GT1,3,7121,16438,9317
GT1,4,7203,16566,9363
GT1,5,7906,16715,8809
GT1,6,7418,16285,8867
GT1,7,7703,16595,8892
GT1,8,7565,16464,8899
GT1,9,7482,16444,8962
GT1,10,7502,16557,9055
GT1,11,8078,16667,8589
GT1,12,8411,16494,8083
GT1,13,7775,16375,8600
GT1,14,7978,16435,8457
GT1,15,7731,16437,8706
GT1,16,7919,16583,8664
GT1,17,8427,16686,8259
GT1,18,7943,16251,8308
GT1,19,9197,16819,7622
GT1,20,8354,16263,7909
GT1,21,8235,16442,8207
GT1,22,8251,16528,8277
GT1,23,8943,16755,7812
GT1,24,8314,16232,7918
GT1,25,8239,16529,8290
GT1,26,8836,16643,7807
GT1,27,9171,16267,7096
GT1,28,8211,16596,8385
GT1,29,8905,16695,7790
GT1,30,8305,16181,7876
GT1,31,8364,16589,8225
GT1,32,8246,16496,8250
GT1,33,9785,16636,6851
GT1,34,8312,16346,8034
GT1,35,9015,16760,7745
GT1,36,8240,16184,7944
GT1,37,8187,16510,8323
GT1,38,8187,16504,8317
GT1,39,8342,16474,8132
GT1,40,8777,16799,8022
GT1,41,9067,16419,7352
GT1,42,8276,16256,7980
GT1,43,8263,16580,8317
GT1,44,8472,16420,7948
GT1,45,7834,16439,8605
GT1,46,8046,16621,8575
GT1,47,8756,16737,7981
GT1,48,8567,16309,7742
GT1,49,8503,16551,8048
GT1,50,8580,16529,7949
GT1,51,8784,16420,7636
GT1,52,8169,16459,8290
GT1,53,9021,16777,7756
GT1,54,9059,16429,7370
GT1,55,8938,16343,7405
GT1,56,8653,16460,7807
GT1,57,8613,16457,7844
GT1,58,8637,16507,7870
GT1,59,8698,16660,7962
GT1,60,8239,16268,8029
GT1,61,9092,16821,7729
GT1,62,8616,16216,7600
GT1,63,9890,16607,6717
GT1,64,8608,16369,7761
GT1,65,9234,16709,7475
GT1,66,8665,16232,7567
GT1,67,8633,16517,7884
GT1,68,9970,16743,6773
GT1,69,8506,16205,7699
GT1,70,8506,16575,8069
GT1,71,9308,16813,7505
GT1,72,8629,16133,7504
GT1,73,8971,16639,7668
GT1,74,8871,16452,7581
GT1,75,9660,16706,7046
GT1,76,8883,16320,7437
GT1,77,9643,16762,7119
GT1,78,8802,16112,7310
GT1,79,9030,16556,7526
GT1,80,8428,16499,8071
GT1,81,8660,16511,7851
GT1,82,9436,16743,7307
GT1,83,9631,16522,6891
GT1,84,9893,16159,6266
GT1,85,8892,16585,7693
GT1,86,9162,16411,7249
GT1,87,8558,16486,7928
GT1,88,8538,16533,7995
GT1,89,9411,16720,7309
GT1,90,8869,16245,7376
GT1,91,9513,16596,7083
GT1,92,8931,16523,7592
GT1,93,9131,16311,7180
GT1,94,8448,16535,8087
GT1,95,9281,16774,7493
GT1,96,9439,16427,6988
GT1,97,9086,16269,7183
GT1,98,8956,16517,7561
GT1,99,8840,16401,7561
GT1,100,9038,16541,7503
GT1,101,8991,16717,7726
GT1,102,8685,16238,7553
GT1,103,9910,16766,6856
GT1,104,8994,16209,7215
GT1,105,8937,16425,7488
GT1,106,8940,16562,7622
GT1,107,9605,16750,7145
GT1,108,9007,16158,7151
GT1,109,8816,16544,7728
GT1,110,9441,16763,7322
GT1,111,8843,16223,7380
GT1,112,8919,16564,7645
GT1,113,9674,16737,7063
GT1,114,8977,16173,7196
GT1,115,9524,16652,7128
GT1,116,9254,16500,7246
GT1,117,10643,16637,5994
GT1,118,9254,16327,7073
GT1,119,9855,16675,6820
