I (48037) extender_vdp: GT1,id,submitted_us,completed_us,drain_us
I (48039) extender_vdp: GT1,0,100,4329,4229
I (48039) extender_vdp: GT1,1,97,1882,1785
I (48040) extender_vdp: GT1,2,113,2237,2124
I (48040) extender_vdp: GT1,3,97,1578,1481
I (48041) extender_vdp: GT1,4,96,1921,1825
I (48041) extender_vdp: GT1,5,96,2274,2178
I (48042) extender_vdp: GT1,6,112,1632,1520
I (48042) extender_vdp: GT1,7,70,1944,1874
I (48043) extender_vdp: GT1,8,97,2321,2224
I (48044) extender_vdp: GT1,9,112,1676,1564
I (48044) extender_vdp: GT1,10,88,2001,1913
I (48045) extender_vdp: GT1,11,97,2370,2273
I (48045) extender_vdp: GT1,12,98,1716,1618
I (48046) extender_vdp: GT1,13,123,2067,1944
I (48046) extender_vdp: GT1,14,98,2416,2318
I (48047) extender_vdp: GT1,15,97,1760,1663
I (48047) extender_vdp: GT1,16,139,2114,1975
I (48047) extender_vdp: GT1,17,96,2456,2360
I (48048) extender_vdp: GT1,18,113,1816,1703
I (48048) extender_vdp: GT1,19,112,2160,2048
I (48049) extender_vdp: GT1,20,113,2511,2398
I (48049) extender_vdp: GT1,21,99,1856,1757
I (48050) extender_vdp: GT1,22,110,2207,2097
I (48050) extender_vdp: GT1,23,109,2557,2448
I (48051) extender_vdp: GT1,24,111,1904,1793
I (48051) extender_vdp: GT1,25,111,2256,2145
I (48052) extender_vdp: GT1,26,111,2598,2487
I (48052) extender_vdp: GT1,27,85,1923,1838
I (48053) extender_vdp: GT1,28,110,2303,2193
I (48053) extender_vdp: GT1,29,111,2650,2539
I (48054) extender_vdp: GT1,30,70,1950,1880
I (48054) extender_vdp: GT1,31,110,2344,2234
I (48055) extender_vdp: GT1,32,95,2687,2592
I (48055) extender_vdp: GT1,33,112,2039,1927
I (48056) extender_vdp: GT1,34,109,2385,2276
I (48056) extender_vdp: GT1,35,94,2730,2636
I (48057) extender_vdp: GT1,36,148,2087,1939
I (48057) extender_vdp: GT1,37,95,2427,2332
I (48058) extender_vdp: GT1,38,95,2775,2680
I (48058) extender_vdp: GT1,39,135,2138,2003
I (48059) extender_vdp: GT1,40,113,2479,2366
I (48059) extender_vdp: GT1,41,96,2825,2729
I (48060) extender_vdp: GT1,42,111,2182,2071
I (48060) extender_vdp: GT1,43,94,2521,2427
I (48061) extender_vdp: GT1,44,94,2865,2771
I (48061) extender_vdp: GT1,45,110,2231,2121
I (48062) extender_vdp: GT1,46,111,2571,2460
I (48062) extender_vdp: GT1,47,111,2919,2808
I (48063) extender_vdp: GT1,48,111,2281,2170
I (48063) extender_vdp: GT1,49,111,2616,2505
I (48064) extender_vdp: GT1,50,70,2934,2864
I (48064) extender_vdp: GT1,51,94,2321,2227
I (48065) extender_vdp: GT1,52,110,2663,2553
I (48065) extender_vdp: GT1,53,73,3161,3088
I (48066) extender_vdp: GT1,54,94,2373,2279
I (48066) extender_vdp: GT1,55,98,2704,2606
I (48067) extender_vdp: GT1,56,111,3044,2933
I (48067) extender_vdp: GT1,57,95,2425,2330
I (48068) extender_vdp: GT1,58,114,2752,2638
I (48068) extender_vdp: GT1,59,121,3094,2973
I (48068) extender_vdp: GT1,60,113,2480,2367
I (48069) extender_vdp: GT1,61,111,2796,2685
I (48069) extender_vdp: GT1,62,111,3151,3040
I (48070) extender_vdp: GT1,63,111,2532,2421
I (48070) extender_vdp: GT1,64,95,2833,2738
I (48071) extender_vdp: GT1,65,95,3185,3090
I (48071) extender_vdp: GT1,66,111,2580,2469
I (48072) extender_vdp: GT1,67,95,2885,2790
I (48072) extender_vdp: GT1,68,95,3233,3138
I (48073) extender_vdp: GT1,69,111,2633,2522
I (48073) extender_vdp: GT1,70,111,2934,2823
I (48074) extender_vdp: GT1,71,112,3282,3170
I (48074) extender_vdp: GT1,72,111,2677,2566
I (48075) extender_vdp: GT1,73,88,2958,2870
I (48075) extender_vdp: GT1,74,109,3334,3225
I (48076) extender_vdp: GT1,75,96,2725,2629
I (48076) extender_vdp: GT1,76,70,2993,2923
I (48076) extender_vdp: GT1,77,111,3373,3262
I (48077) extender_vdp: GT1,78,95,2772,2677
I (48077) extender_vdp: GT1,79,122,3069,2947
I (48078) extender_vdp: GT1,80,111,3422,3311
I (48078) extender_vdp: GT1,81,111,2828,2717
I (48079) extender_vdp: GT1,82,121,3108,2987
I (48079) extender_vdp: GT1,83,110,3471,3361
I (48080) extender_vdp: GT1,84,95,2852,2757
I (48080) extender_vdp: GT1,85,112,3165,3053
I (48081) extender_vdp: GT1,86,111,3511,3400
I (48081) extender_vdp: GT1,87,109,2910,2801
I (48082) extender_vdp: GT1,88,111,3210,3099
I (48082) extender_vdp: GT1,89,110,3560,3450
I (48083) extender_vdp: GT1,90,94,2946,2852
I (48083) extender_vdp: GT1,91,111,3254,3143
I (48084) extender_vdp: GT1,92,95,3593,3498
I (48084) extender_vdp: GT1,93,86,2981,2895
I (48085) extender_vdp: GT1,94,111,3302,3191
I (48085) extender_vdp: GT1,95,94,3638,3544
I (48086) extender_vdp: GT1,96,88,3035,2947
I (48086) extender_vdp: GT1,97,95,3335,3240
I (48087) extender_vdp: GT1,98,95,3686,3591
I (48087) extender_vdp: GT1,99,112,3101,2989
I (48088) extender_vdp: GT1,100,96,3387,3291
I (48088) extender_vdp: GT1,101,111,3741,3630
I (48089) extender_vdp: GT1,102,137,4090,3953
I (48089) extender_vdp: GT1,103,112,3436,3324
I (48090) extender_vdp: GT1,104,111,3786,3675
I (48090) extender_vdp: GT1,105,95,4127,4032
I (48091) extender_vdp: GT1,106,97,3475,3378
I (48091) extender_vdp: GT1,107,96,3827,3731
I (48092) extender_vdp: GT1,108,96,4175,4079
I (48092) extender_vdp: GT1,109,112,3532,3420
I (48093) extender_vdp: GT1,110,110,3876,3766
I (48093) extender_vdp: GT1,111,111,4227,4116
I (48094) extender_vdp: GT1,112,113,3573,3460
I (48094) extender_vdp: GT1,113,94,3911,3817
I (48095) extender_vdp: GT1,114,95,4259,4164
I (48095) extender_vdp: GT1,115,111,3616,3505
I (48096) extender_vdp: GT1,116,70,3936,3866
I (48096) extender_vdp: GT1,117,111,4317,4206
I (48097) extender_vdp: GT1,118,110,3647,3537
I (48097) extender_vdp: GT1,119,88,3985,3897
I (486784) extender_vdp: GT1,id,submitted_us,completed_us,drain_us
I (486785) extender_vdp: GT1,0,407,3340,2933
I (486785) extender_vdp: GT1,1,350,1620,1270
I (486786) extender_vdp: GT1,2,327,1969,1642
I (486786) extender_vdp: GT1,3,322,4771,4449
I (486786) extender_vdp: GT1,4,352,1717,1365
I (486787) extender_vdp: GT1,5,365,2092,1727
I (486787) extender_vdp: GT1,6,368,1595,1227
I (486787) extender_vdp: GT1,7,368,1823,1455
I (486788) extender_vdp: GT1,8,375,2188,1813
I (486788) extender_vdp: GT1,9,346,1691,1345
I (486788) extender_vdp: GT1,10,359,1920,1561
I (486789) extender_vdp: GT1,11,391,2284,1893
I (486789) extender_vdp: GT1,12,366,1798,1432
I (486789) extender_vdp: GT1,13,339,1990,1651
I (486790) extender_vdp: GT1,14,385,2380,1995
I (486790) extender_vdp: GT1,15,366,1880,1514
I (486790) extender_vdp: GT1,16,373,2108,1735
I (486791) extender_vdp: GT1,17,353,2467,2114
I (486791) extender_vdp: GT1,18,347,1970,1623
I (486791) extender_vdp: GT1,19,395,2202,1807
I (486792) extender_vdp: GT1,20,348,2558,2210
I (486792) extender_vdp: GT1,21,350,2060,1710
I (486792) extender_vdp: GT1,22,385,2302,1917
I (486793) extender_vdp: GT1,23,366,2661,2295
I (486793) extender_vdp: GT1,24,325,2130,1805
I (486794) extender_vdp: GT1,25,346,2388,2042
I (486794) extender_vdp: GT1,26,347,2753,2406
I (486794) extender_vdp: GT1,27,386,2275,1889
I (486795) extender_vdp: GT1,28,349,2483,2134
I (486795) extender_vdp: GT1,29,348,2843,2495
I (486796) extender_vdp: GT1,30,388,2370,1982
I (486796) extender_vdp: GT1,31,360,2589,2229
I (486796) extender_vdp: GT1,32,334,2931,2597
I (486796) extender_vdp: GT1,33,380,3315,2935
I (486797) extender_vdp: GT1,34,356,2681,2325
I (486797) extender_vdp: GT1,35,342,3036,2694
I (486797) extender_vdp: GT1,36,360,3405,3045
I (486798) extender_vdp: GT1,37,361,2773,2412
I (486798) extender_vdp: GT1,38,370,3129,2759
I (486798) extender_vdp: GT1,39,353,3508,3155
I (486799) extender_vdp: GT1,40,353,2869,2516
I (486799) extender_vdp: GT1,41,388,3229,2841
I (486799) extender_vdp: GT1,42,361,3595,3234
I (486800) extender_vdp: GT1,43,331,2942,2611
I (486800) extender_vdp: GT1,44,367,3322,2955
I (486801) extender_vdp: GT1,45,372,3701,3329
I (486801) extender_vdp: GT1,46,346,3049,2703
I (486801) extender_vdp: GT1,47,358,3419,3061
I (486802) extender_vdp: GT1,48,363,3789,3426
I (486802) extender_vdp: GT1,49,367,3149,2782
I (486802) extender_vdp: GT1,50,355,3524,3169
I (486803) extender_vdp: GT1,51,352,3887,3535
I (486803) extender_vdp: GT1,52,380,3251,2871
I (486803) extender_vdp: GT1,53,359,3610,3251
I (486804) extender_vdp: GT1,54,338,3956,3618
I (486804) extender_vdp: GT1,55,385,3339,2954
I (486804) extender_vdp: GT1,56,360,3707,3347
I (486805) extender_vdp: GT1,57,359,4070,3711
I (486805) extender_vdp: GT1,58,357,3433,3076
I (486806) extender_vdp: GT1,59,341,3797,3456
I (486806) extender_vdp: GT1,60,366,4162,3796
I (486806) extender_vdp: GT1,61,354,3536,3182
I (486807) extender_vdp: GT1,62,343,3891,3548
I (486807) extender_vdp: GT1,63,387,4261,3874
I (486807) extender_vdp: GT1,64,333,3790,3457
I (486808) extender_vdp: GT1,65,319,3965,3646
I (486808) extender_vdp: GT1,66,387,4356,3969
I (486808) extender_vdp: GT1,67,345,3720,3375
I (486809) extender_vdp: GT1,68,355,4089,3734
I (486809) extender_vdp: GT1,69,341,4444,4103
I (486810) extender_vdp: GT1,70,353,3821,3468
I (486810) extender_vdp: GT1,71,371,4185,3814
I (486810) extender_vdp: GT1,72,361,4551,4190
I (486811) extender_vdp: GT1,73,360,3899,3539
I (486811) extender_vdp: GT1,74,370,4270,3900
I (486811) extender_vdp: GT1,75,362,4643,4281
I (486812) extender_vdp: GT1,76,345,3988,3643
I (486812) extender_vdp: GT1,77,369,4368,3999
I (486812) extender_vdp: GT1,78,354,4743,4389
I (486813) extender_vdp: GT1,79,353,4094,3741
I (486813) extender_vdp: GT1,80,362,4471,4109
I (486813) extender_vdp: GT1,81,347,4831,4484
I (486814) extender_vdp: GT1,82,363,4187,3824
I (486814) extender_vdp: GT1,83,355,4568,4213
I (486814) extender_vdp: GT1,84,360,4912,4552
I (486815) extender_vdp: GT1,85,370,4276,3906
I (486815) extender_vdp: GT1,86,332,4642,4310
I (486815) extender_vdp: GT1,87,304,4953,4649
I (486816) extender_vdp: GT1,88,302,4314,4012
I (486816) extender_vdp: GT1,89,303,4700,4397
I (486816) extender_vdp: GT1,90,363,5100,4737
I (486817) extender_vdp: GT1,91,374,4486,4112
I (486817) extender_vdp: GT1,92,398,4849,4451
I (486818) extender_vdp: GT1,93,417,5205,4788
I (486818) extender_vdp: GT1,94,420,4584,4164
I (486819) extender_vdp: GT1,95,406,4927,4521
I (486819) extender_vdp: GT1,96,452,5316,4864
I (486819) extender_vdp: GT1,97,449,4672,4223
I (486820) extender_vdp: GT1,98,509,5039,4530
I (486820) extender_vdp: GT1,99,524,5409,4885
I (486820) extender_vdp: GT1,100,355,521,166
I (486821) extender_vdp: GT1,101,380,1141,761
I (486821) extender_vdp: GT1,102,359,599,240
I (486821) extender_vdp: GT1,103,357,871,514
I (486822) extender_vdp: GT1,104,383,1236,853
I (486822) extender_vdp: GT1,105,356,707,351
I (486822) extender_vdp: GT1,106,331,944,613
I (486823) extender_vdp: GT1,107,386,1325,939
I (486823) extender_vdp: GT1,108,362,799,437
I (486823) extender_vdp: GT1,109,364,1056,692
I (486824) extender_vdp: GT1,110,361,1417,1056
I (486824) extender_vdp: GT1,111,356,905,549
I (486825) extender_vdp: GT1,112,380,1157,777
I (486825) extender_vdp: GT1,113,359,1511,1152
I (486825) extender_vdp: GT1,114,363,1001,638
I (486826) extender_vdp: GT1,115,381,1253,872
I (486826) extender_vdp: GT1,116,359,1606,1247
I (486826) extender_vdp: GT1,117,330,1081,751
I (486827) extender_vdp: GT1,118,379,1345,966
I (486827) extender_vdp: GT1,119,356,1711,1355
I (558667) extender_vdp: GT1,id,submitted_us,completed_us,drain_us
I (558669) extender_vdp: GT1,0,8077,12888,4811
I (558669) extender_vdp: GT1,1,7758,9088,1330
I (558670) extender_vdp: GT1,2,7748,8902,1154
I (558670) extender_vdp: GT1,3,7740,8932,1192
I (558671) extender_vdp: GT1,4,7708,9181,1473
I (558671) extender_vdp: GT1,5,7580,8972,1392
I (558672) extender_vdp: GT1,6,7566,9158,1592
I (558672) extender_vdp: GT1,7,7580,9420,1840
I (558673) extender_vdp: GT1,8,7568,9226,1658
I (558673) extender_vdp: GT1,9,7807,9275,1468
I (558674) extender_vdp: GT1,10,7756,9505,1749
I (558674) extender_vdp: GT1,11,7753,9339,1586
I (558675) extender_vdp: GT1,12,8310,10577,2267
I (558675) extender_vdp: GT1,13,9808,11514,1706
I (558676) extender_vdp: GT1,14,8218,9406,1188
I (558676) extender_vdp: GT1,15,8108,9459,1351
I (558677) extender_vdp: GT1,16,8108,9679,1571
I (558677) extender_vdp: GT1,17,8114,9525,1411
I (558678) extender_vdp: GT1,18,8120,9562,1442
I (558678) extender_vdp: GT1,19,13375,18196,4821
I (558679) extender_vdp: GT1,20,10148,12581,2433
I (558679) extender_vdp: GT1,21,10112,12758,2646
I (558680) extender_vdp: GT1,22,10140,12639,2499
I (558680) extender_vdp: GT1,23,10243,12678,2435
I (558681) extender_vdp: GT1,24,10379,13922,3543
I (558681) extender_vdp: GT1,25,10173,13830,3657
I (558682) extender_vdp: GT1,26,10082,13904,3822
I (558682) extender_vdp: GT1,27,10089,13896,3807
I (558683) extender_vdp: GT1,28,9994,13924,3930
I (558683) extender_vdp: GT1,29,10195,13983,3788
I (558684) extender_vdp: GT1,30,10164,14162,3998
I (558684) extender_vdp: GT1,31,10273,14174,3901
I (558685) extender_vdp: GT1,32,10166,14218,4052
I (558685) extender_vdp: GT1,33,10315,14258,3943
I (558686) extender_vdp: GT1,34,9981,14268,4287
I (558686) extender_vdp: GT1,35,9595,14286,4691
I (558687) extender_vdp: GT1,36,9694,11294,1600
I (558687) extender_vdp: GT1,37,9557,11195,1638
I (558688) extender_vdp: GT1,38,22139,26498,4359
I (558688) extender_vdp: GT1,39,9561,11391,1830
I (558689) extender_vdp: GT1,40,9374,11424,2050
I (558689) extender_vdp: GT1,41,9182,11463,2281
I (558690) extender_vdp: GT1,42,9013,11610,2597
I (558690) extender_vdp: GT1,43,8839,11668,2829
I (558691) extender_vdp: GT1,44,8827,11698,2871
I (558691) extender_vdp: GT1,45,8440,11700,3260
I (558692) extender_vdp: GT1,46,8477,11754,3277
I (558692) extender_vdp: GT1,47,8284,11789,3505
I (558693) extender_vdp: GT1,48,8803,13068,4265
I (558693) extender_vdp: GT1,49,8583,12529,3946
I (558694) extender_vdp: GT1,50,10692,12271,1579
I (558694) extender_vdp: GT1,51,8789,12008,3219
I (558695) extender_vdp: GT1,52,8619,12066,3447
I (558695) extender_vdp: GT1,53,8319,12108,3789
I (558696) extender_vdp: GT1,54,8459,12110,3651
I (558696) extender_vdp: GT1,55,8134,12154,4020
I (558697) extender_vdp: GT1,56,8165,12192,4027
I (558697) extender_vdp: GT1,57,8298,12197,3899
I (558698) extender_vdp: GT1,58,8312,12259,3947
I (558698) extender_vdp: GT1,59,8358,12288,3930
I (558699) extender_vdp: GT1,60,8779,13574,4795
I (558699) extender_vdp: GT1,61,9299,13178,3879
I (558700) extender_vdp: GT1,62,9299,12904,3605
I (558700) extender_vdp: GT1,63,9390,13628,4238
I (558701) extender_vdp: GT1,64,8756,13283,4527
I (558701) extender_vdp: GT1,65,8462,9429,967
I (558702) extender_vdp: GT1,66,8089,11079,2990
I (558702) extender_vdp: GT1,67,8125,12609,4484
I (558703) extender_vdp: GT1,68,8119,12645,4526
I (558703) extender_vdp: GT1,69,8355,12660,4305
I (558704) extender_vdp: GT1,70,8140,12726,4586
I (558704) extender_vdp: GT1,71,8302,12751,4449
I (558705) extender_vdp: GT1,72,8768,9757,989
I (558705) extender_vdp: GT1,73,8462,9370,908
I (558706) extender_vdp: GT1,74,9952,13271,3319
I (558706) extender_vdp: GT1,75,8493,12961,4468
I (558707) extender_vdp: GT1,76,8511,13002,4491
I (558707) extender_vdp: GT1,77,21237,24043,2806
I (558708) extender_vdp: GT1,78,8458,10408,1950
I (558708) extender_vdp: GT1,79,8488,11983,3495
I (558709) extender_vdp: GT1,80,8503,11959,3456
I (558709) extender_vdp: GT1,81,8483,12008,3525
I (558710) extender_vdp: GT1,82,8509,12130,3621
I (558710) extender_vdp: GT1,83,8511,12067,3556
I (558711) extender_vdp: GT1,84,8857,13182,4325
I (558711) extender_vdp: GT1,85,8485,13142,4657
I (558712) extender_vdp: GT1,86,8477,13134,4657
I (558712) extender_vdp: GT1,87,8411,13162,4751
I (558713) extender_vdp: GT1,88,8464,13199,4735
I (558713) extender_vdp: GT1,89,9594,13706,4112
I (558714) extender_vdp: GT1,90,10713,12361,1648
I (558714) extender_vdp: GT1,91,8805,13801,4996
I (558715) extender_vdp: GT1,92,8604,9454,850
I (558715) extender_vdp: GT1,93,8475,9560,1085
I (558716) extender_vdp: GT1,94,8428,9516,1088
I (558716) extender_vdp: GT1,95,9262,12933,3671
I (558717) extender_vdp: GT1,96,8969,10706,1737
I (558717) extender_vdp: GT1,97,10358,11685,1327
I (558718) extender_vdp: GT1,98,9061,14022,4961
I (558718) extender_vdp: GT1,99,9106,13863,4757
I (558719) extender_vdp: GT1,100,9215,13910,4695
I (558719) extender_vdp: GT1,101,9827,14140,4313
I (558720) extender_vdp: GT1,102,9067,11267,2200
I (558720) extender_vdp: GT1,103,13025,17233,4208
I (558721) extender_vdp: GT1,104,10635,11713,1078
I (558721) extender_vdp: GT1,105,10191,11924,1733
I (558722) extender_vdp: GT1,106,10531,11784,1253
I (558722) extender_vdp: GT1,107,10351,11799,1448
I (558723) extender_vdp: GT1,108,10918,13094,2176
I (558723) extender_vdp: GT1,109,12415,13907,1492
I (558724) extender_vdp: GT1,110,11079,11925,846
I (558725) extender_vdp: GT1,111,11077,12110,1033
I (558725) extender_vdp: GT1,112,11044,11971,927
I (558725) extender_vdp: GT1,113,11102,12027,925
I (558726) extender_vdp: GT1,114,12021,16211,4190
I (558726) extender_vdp: GT1,115,22980,27273,4293
I (558727) extender_vdp: GT1,116,10753,12315,1562
I (558727) extender_vdp: GT1,117,10259,12174,1915
I (558728) extender_vdp: GT1,118,10079,12213,2134
I (558728) extender_vdp: GT1,119,10286,12418,2132
I (658127) extender_vdp: GT1,id,submitted_us,completed_us,drain_us
I (658128) extender_vdp: GT1,0,97695,97730,35
I (658128) extender_vdp: GT1,1,91386,91420,34
I (658129) extender_vdp: GT1,2,66421,66454,33
I (658129) extender_vdp: GT1,3,66455,66485,30
I (658130) extender_vdp: GT1,4,66428,66454,26
I (658130) extender_vdp: GT1,5,66463,66497,34
I (658130) extender_vdp: GT1,6,70622,70654,32
I (658131) extender_vdp: GT1,7,66450,66482,32
I (658131) extender_vdp: GT1,8,66447,66475,28
I (658131) extender_vdp: GT1,9,58137,58172,35
I (658132) extender_vdp: GT1,10,66457,66487,30
I (658132) extender_vdp: GT1,11,66451,66482,31
I (658133) extender_vdp: GT1,12,66446,66474,28
I (658133) extender_vdp: GT1,13,66452,66483,31
I (658133) extender_vdp: GT1,14,66461,66492,31
I (658134) extender_vdp: GT1,15,70607,70642,35
I (658134) extender_vdp: GT1,16,70707,70736,29
I (658135) extender_vdp: GT1,17,70748,70778,30
I (658135) extender_vdp: GT1,18,70715,70746,31
I (658136) extender_vdp: GT1,19,70741,70771,30
I (658136) extender_vdp: GT1,20,70748,70780,32
I (658136) extender_vdp: GT1,21,79044,79072,28
I (658137) extender_vdp: GT1,22,79066,79097,31
I (658137) extender_vdp: GT1,23,79070,79103,33
I (658138) extender_vdp: GT1,24,79063,79094,31
I (658138) extender_vdp: GT1,25,79084,79112,28
I (658138) extender_vdp: GT1,26,83214,83242,28
I (658139) extender_vdp: GT1,27,74919,74947,28
I (658139) extender_vdp: GT1,28,83253,83286,33
I (658140) extender_vdp: GT1,29,83225,83259,34
I (658140) extender_vdp: GT1,30,83229,83258,29
I (658141) extender_vdp: GT1,31,83230,83260,30
I (658141) extender_vdp: GT1,32,83252,83280,28
I (658141) extender_vdp: GT1,33,83220,83250,30
I (658142) extender_vdp: GT1,34,83232,83260,28
I (658142) extender_vdp: GT1,35,87396,87428,32
I (658143) extender_vdp: GT1,36,83230,83259,29
I (658143) extender_vdp: GT1,37,87427,87457,30
I (658143) extender_vdp: GT1,38,91553,91584,31
I (658144) extender_vdp: GT1,39,83242,83273,31
I (658144) extender_vdp: GT1,40,83218,83251,33
I (658145) extender_vdp: GT1,41,87372,87402,30
I (658145) extender_vdp: GT1,42,79080,79112,32
I (658146) extender_vdp: GT1,43,79027,79056,29
I (658146) extender_vdp: GT1,44,79057,79085,28
I (658146) extender_vdp: GT1,45,83214,83239,25
I (658147) extender_vdp: GT1,46,79090,79128,38
I (658147) extender_vdp: GT1,47,83212,83243,31
I (658148) extender_vdp: GT1,48,91555,91757,202
I (658148) extender_vdp: GT1,49,78892,78922,30
I (658149) extender_vdp: GT1,50,79055,79084,29
I (658149) extender_vdp: GT1,51,79076,79108,32
I (658149) extender_vdp: GT1,52,83239,83272,33
I (658150) extender_vdp: GT1,53,74867,74895,28
I (658150) extender_vdp: GT1,54,79100,79130,30
I (658151) extender_vdp: GT1,55,70717,70747,30
I (658151) extender_vdp: GT1,56,58241,58268,27
I (658151) extender_vdp: GT1,57,66576,66606,30
I (658152) extender_vdp: GT1,58,62374,62402,28
I (658152) extender_vdp: GT1,59,66579,66614,35
I (658152) extender_vdp: GT1,60,62381,62407,26
I (658153) extender_vdp: GT1,61,62404,62435,31
I (658153) extender_vdp: GT1,62,54068,54094,26
I (658154) extender_vdp: GT1,63,54061,54092,31
I (658154) extender_vdp: GT1,64,49906,49937,31
I (658155) extender_vdp: GT1,65,54067,54097,30
I (658155) extender_vdp: GT1,66,54058,54083,25
I (658155) extender_vdp: GT1,67,54074,54104,30
I (658156) extender_vdp: GT1,68,49893,49922,29
I (658156) extender_vdp: GT1,69,54049,54084,35
I (658157) extender_vdp: GT1,70,49886,49915,29
I (658157) extender_vdp: GT1,71,45721,45746,25
I (658158) extender_vdp: GT1,72,41573,41599,26
I (658158) extender_vdp: GT1,73,41548,41574,26
I (658158) extender_vdp: GT1,74,45750,45780,30
I (658159) extender_vdp: GT1,75,41560,41586,26
I (658159) extender_vdp: GT1,76,41569,41597,28
I (658160) extender_vdp: GT1,77,45745,45774,29
I (658160) extender_vdp: GT1,78,45741,45772,31
I (658160) extender_vdp: GT1,79,45715,45743,28
I (658161) extender_vdp: GT1,80,41556,41585,29
I (658161) extender_vdp: GT1,81,45709,45737,28
I (658162) extender_vdp: GT1,82,49899,49927,28
I (658162) extender_vdp: GT1,83,45741,45770,29
I (658163) extender_vdp: GT1,84,54068,54099,31
I (658163) extender_vdp: GT1,85,54076,54105,29
I (658164) extender_vdp: GT1,86,49903,49934,31
I (658164) extender_vdp: GT1,87,58222,58274,52
I (658165) extender_vdp: GT1,88,54060,54089,29
I (658165) extender_vdp: GT1,89,49894,49921,27
I (658166) extender_vdp: GT1,90,58241,58276,35
I (658166) extender_vdp: GT1,91,54078,54111,33
I (658167) extender_vdp: GT1,92,49870,49898,28
I (658167) extender_vdp: GT1,93,58245,58271,26
I (658167) extender_vdp: GT1,94,54045,54073,28
I (658168) extender_vdp: GT1,95,54074,54105,31
I (658168) extender_vdp: GT1,96,58240,58267,27
I (658168) extender_vdp: GT1,97,54073,54103,30
I (658169) extender_vdp: GT1,98,54080,54106,26
I (658169) extender_vdp: GT1,99,58208,58236,28
I (658170) extender_vdp: GT1,100,62392,62422,30
I (658170) extender_vdp: GT1,101,62405,62435,30
I (658171) extender_vdp: GT1,102,62396,62423,27
I (658171) extender_vdp: GT1,103,66579,66605,26
I (658172) extender_vdp: GT1,104,74890,74917,27
I (658172) extender_vdp: GT1,105,70729,70761,32
I (658173) extender_vdp: GT1,106,70718,70747,29
I (658173) extender_vdp: GT1,107,74919,74954,35
I (658174) extender_vdp: GT1,108,70726,70756,30
I (658174) extender_vdp: GT1,109,70726,70752,26
I (658175) extender_vdp: GT1,110,70743,70768,25
I (658175) extender_vdp: GT1,111,70727,70755,28
I (658176) extender_vdp: GT1,112,66572,66600,28
I (658176) extender_vdp: GT1,113,74891,74917,26
I (658177) extender_vdp: GT1,114,74902,74928,26
I (658177) extender_vdp: GT1,115,79063,79091,28
I (658178) extender_vdp: GT1,116,74908,74937,29
I (658178) extender_vdp: GT1,117,74896,74925,29
I (658179) extender_vdp: GT1,118,79063,79092,29
I (658179) extender_vdp: GT1,119,74914,74942,28
I (1014843) extender_vdp: GT1,id,submitted_us,completed_us,drain_us
I (1014844) extender_vdp: GT1,0,6224,7844,1620
I (1014844) extender_vdp: GT1,1,5458,7924,2466
I (1014845) extender_vdp: GT1,2,5586,8925,3339
I (1014845) extender_vdp: GT1,3,5434,7928,2494
I (1014845) extender_vdp: GT1,4,5541,7926,2385
I (1014846) extender_vdp: GT1,5,5766,8928,3162
I (1014846) extender_vdp: GT1,6,5473,7925,2452
I (1014847) extender_vdp: GT1,7,5983,7927,1944
I (1014847) extender_vdp: GT1,8,6035,8910,2875
I (1014847) extender_vdp: GT1,9,5703,7943,2240
I (1014848) extender_vdp: GT1,10,5737,7926,2189
I (1014848) extender_vdp: GT1,11,6083,8928,2845
I (1014849) extender_vdp: GT1,12,5649,7963,2314
I (1014849) extender_vdp: GT1,13,5752,7889,2137
I (1014850) extender_vdp: GT1,14,6228,8928,2700
I (1014850) extender_vdp: GT1,15,5937,7927,1990
I (1014850) extender_vdp: GT1,16,6046,7926,1880
I (1014851) extender_vdp: GT1,17,6242,7618,1376
I (1014851) extender_vdp: GT1,18,6031,7098,1067
I (1014852) extender_vdp: GT1,19,5991,7318,1327
I (1014852) extender_vdp: GT1,20,6092,7669,1577
I (1014852) extender_vdp: GT1,21,6408,7217,809
I (1014853) extender_vdp: GT1,22,6284,7361,1077
I (1014853) extender_vdp: GT1,23,6564,7712,1148
I (1014854) extender_vdp: GT1,24,6282,7188,906
I (1014854) extender_vdp: GT1,25,6296,7410,1114
I (1014854) extender_vdp: GT1,26,6289,7758,1469
I (1014855) extender_vdp: GT1,27,6296,7241,945
I (1014855) extender_vdp: GT1,28,6612,7459,847
I (1014856) extender_vdp: GT1,29,6598,7796,1198
I (1014856) extender_vdp: GT1,30,6320,7283,963
I (1014856) extender_vdp: GT1,31,6305,7501,1196
I (1014857) extender_vdp: GT1,32,6352,7848,1496
I (1014858) extender_vdp: GT1,33,6357,7295,938
I (1014858) extender_vdp: GT1,34,6359,7542,1183
I (1014858) extender_vdp: GT1,35,6652,7893,1241
I (1014859) extender_vdp: GT1,36,6353,7346,993
I (1014859) extender_vdp: GT1,37,6284,7588,1304
I (1014860) extender_vdp: GT1,38,6347,7927,1580
I (1014860) extender_vdp: GT1,39,6469,7378,909
I (1014860) extender_vdp: GT1,40,6066,7631,1565
I (1014861) extender_vdp: GT1,41,6489,7958,1469
I (1014861) extender_vdp: GT1,42,6586,7486,900
I (1014862) extender_vdp: GT1,43,6371,7678,1307
I (1014862) extender_vdp: GT1,44,6367,7999,1632
I (1014862) extender_vdp: GT1,45,6411,7439,1028
I (1014863) extender_vdp: GT1,46,6450,7720,1270
I (1014863) extender_vdp: GT1,47,6409,8072,1663
I (1014864) extender_vdp: GT1,48,6342,7544,1202
I (1014864) extender_vdp: GT1,49,6711,7774,1063
I (1014864) extender_vdp: GT1,50,6597,8122,1525
I (1014865) extender_vdp: GT1,51,6637,7566,929
I (1014865) extender_vdp: GT1,52,6571,7814,1243
I (1014866) extender_vdp: GT1,53,6979,8167,1188
I (1014866) extender_vdp: GT1,54,6284,7603,1319
I (1014867) extender_vdp: GT1,55,6427,7863,1436
I (1014867) extender_vdp: GT1,56,6757,8209,1452
I (1014867) extender_vdp: GT1,57,6634,7664,1030
I (1014868) extender_vdp: GT1,58,6621,7907,1286
I (1014868) extender_vdp: GT1,59,6913,8252,1339
I (1014869) extender_vdp: GT1,60,6745,7667,922
I (1014869) extender_vdp: GT1,61,7258,9342,2084
I (1014869) extender_vdp: GT1,62,6510,8306,1796
I (1014870) extender_vdp: GT1,63,7107,7905,798
I (1014870) extender_vdp: GT1,64,6613,7967,1354
I (1014871) extender_vdp: GT1,65,6947,8342,1395
I (1014871) extender_vdp: GT1,66,6631,7760,1129
I (1014872) extender_vdp: GT1,67,6626,8039,1413
I (1014872) extender_vdp: GT1,68,6669,8396,1727
I (1014872) extender_vdp: GT1,69,6668,7780,1112
I (1014873) extender_vdp: GT1,70,6944,8087,1143
I (1014873) extender_vdp: GT1,71,6972,8435,1463
I (1014874) extender_vdp: GT1,72,6679,7823,1144
I (1014874) extender_vdp: GT1,73,6844,8132,1288
I (1014874) extender_vdp: GT1,74,6873,8476,1603
I (1014875) extender_vdp: GT1,75,6878,7890,1012
I (1014875) extender_vdp: GT1,76,6888,8174,1286
I (1014876) extender_vdp: GT1,77,7159,8525,1366
I (1014876) extender_vdp: GT1,78,6928,7939,1011
I (1014876) extender_vdp: GT1,79,6899,8224,1325
I (1014877) extender_vdp: GT1,80,6939,8578,1639
I (1014877) extender_vdp: GT1,81,7030,7851,821
I (1014878) extender_vdp: GT1,82,6665,8270,1605
I (1014878) extender_vdp: GT1,83,7041,8624,1583
I (1014879) extender_vdp: GT1,84,7132,8071,939
I (1014879) extender_vdp: GT1,85,6967,8323,1356
I (1014880) extender_vdp: GT1,86,6940,8668,1728
I (1014880) extender_vdp: GT1,87,6948,8037,1089
I (1014881) extender_vdp: GT1,88,7047,8370,1323
I (1014881) extender_vdp: GT1,89,6982,8712,1730
I (1014882) extender_vdp: GT1,90,6754,8085,1331
I (1014882) extender_vdp: GT1,91,7110,8410,1300
I (1014883) extender_vdp: GT1,92,6909,8759,1850
I (1014883) extender_vdp: GT1,93,6959,8150,1191
I (1014884) extender_vdp: GT1,94,6937,8448,1511
I (1014884) extender_vdp: GT1,95,7349,8796,1447
I (1014885) extender_vdp: GT1,96,6670,8190,1520
I (1014885) extender_vdp: GT1,97,6796,8492,1696
I (1014886) extender_vdp: GT1,98,7123,8843,1720
I (1014886) extender_vdp: GT1,99,6938,8239,1301
I (1014887) extender_vdp: GT1,100,6936,8548,1612
I (1014887) extender_vdp: GT1,101,7250,8890,1640
I (1014888) extender_vdp: GT1,102,7036,8287,1251
I (1014888) extender_vdp: GT1,103,6903,8584,1681
I (1014889) extender_vdp: GT1,104,6753,8943,2190
I (1014889) extender_vdp: GT1,105,7149,8423,1274
I (1014890) extender_vdp: GT1,106,6951,8633,1682
I (1014890) extender_vdp: GT1,107,7278,8982,1704
I (1014891) extender_vdp: GT1,108,6996,8385,1389
I (1014891) extender_vdp: GT1,109,7008,8688,1680
I (1014892) extender_vdp: GT1,110,6991,9035,2044
I (1014892) extender_vdp: GT1,111,7087,8444,1357
I (1014893) extender_vdp: GT1,112,7317,8726,1409
I (1014893) extender_vdp: GT1,113,7333,9057,1724
I (1014894) extender_vdp: GT1,114,7031,8457,1426
I (1014894) extender_vdp: GT1,115,7169,8725,1556
I (1014895) extender_vdp: GT1,116,7220,9074,1854
I (1014895) extender_vdp: GT1,117,7219,8511,1292
I (1014896) extender_vdp: GT1,118,7205,8766,1561
I (1014896) extender_vdp: GT1,119,7570,9114,1544
I (1473656) extender_vdp: GT1,id,submitted_us,completed_us,drain_us
I (1473657) extender_vdp: GT1,0,92992,93027,35
I (1473658) extender_vdp: GT1,1,83061,83096,35
I (1473658) extender_vdp: GT1,2,70552,70578,26
I (1473659) extender_vdp: GT1,3,66465,66498,33
I (1473659) extender_vdp: GT1,4,66503,66535,32
I (1473660) extender_vdp: GT1,5,66404,66432,28
I (1473660) extender_vdp: GT1,6,70598,70629,31
I (1473661) extender_vdp: GT1,7,66462,66492,30
I (1473661) extender_vdp: GT1,8,66448,66485,37
I (1473662) extender_vdp: GT1,9,66447,66474,27
I (1473662) extender_vdp: GT1,10,66452,66480,28
I (1473663) extender_vdp: GT1,11,62310,62340,30
I (1473663) extender_vdp: GT1,12,66445,66475,30
I (1473664) extender_vdp: GT1,13,66477,66511,34
I (1473664) extender_vdp: GT1,14,66416,66449,33
I (1473665) extender_vdp: GT1,15,66455,66489,34
I (1473665) extender_vdp: GT1,16,70702,70735,33
I (1473666) extender_vdp: GT1,17,70730,70756,26
I (1473666) extender_vdp: GT1,18,70752,70783,31
I (1473667) extender_vdp: GT1,19,66540,66568,28
I (1473667) extender_vdp: GT1,20,70747,70780,33
I (1473668) extender_vdp: GT1,21,79059,79087,28
I (1473668) extender_vdp: GT1,22,79060,79089,29
I (1473669) extender_vdp: GT1,23,74925,74957,32
I (1473669) extender_vdp: GT1,24,79048,79077,29
I (1473670) extender_vdp: GT1,25,79057,79089,32
I (1473670) extender_vdp: GT1,26,83227,83255,28
I (1473671) extender_vdp: GT1,27,79065,79099,34
I (1473671) extender_vdp: GT1,28,79076,79103,27
I (1473672) extender_vdp: GT1,29,83213,83242,29
I (1473672) extender_vdp: GT1,30,83246,83276,30
I (1473673) extender_vdp: GT1,31,83226,83258,32
I (1473673) extender_vdp: GT1,32,83219,83247,28
I (1473674) extender_vdp: GT1,33,83246,83274,28
I (1473674) extender_vdp: GT1,34,83222,83264,42
I (1473675) extender_vdp: GT1,35,87387,87418,31
I (1473675) extender_vdp: GT1,36,83239,83270,31
I (1473676) extender_vdp: GT1,37,87402,87434,32
I (1473676) extender_vdp: GT1,38,95750,95782,32
I (1473677) extender_vdp: GT1,39,87383,87416,33
I (1473677) extender_vdp: GT1,40,79044,79076,32
I (1473678) extender_vdp: GT1,41,87393,87423,30
I (1473678) extender_vdp: GT1,42,74900,74932,32
I (1473679) extender_vdp: GT1,43,79049,79080,31
I (1473679) extender_vdp: GT1,44,79048,79079,31
I (1473680) extender_vdp: GT1,45,83248,83283,35
I (1473680) extender_vdp: GT1,46,79059,79091,32
I (1473681) extender_vdp: GT1,47,87389,87419,30
I (1473681) extender_vdp: GT1,48,91573,91601,28
I (1473682) extender_vdp: GT1,49,79044,79075,31
I (1473682) extender_vdp: GT1,50,79064,79093,29
I (1473683) extender_vdp: GT1,51,83248,83283,35
I (1473683) extender_vdp: GT1,52,74899,74933,34
I (1473684) extender_vdp: GT1,53,74886,74917,31
I (1473684) extender_vdp: GT1,54,79045,79077,32
I (1473685) extender_vdp: GT1,55,70748,70778,30
I (1473685) extender_vdp: GT1,56,58235,58266,31
I (1473686) extender_vdp: GT1,57,66591,66622,31
I (1473686) extender_vdp: GT1,58,62351,62381,30
I (1473687) extender_vdp: GT1,59,66559,66589,30
I (1473687) extender_vdp: GT1,60,62392,62421,29
I (1473688) extender_vdp: GT1,61,62395,62423,28
I (1473688) extender_vdp: GT1,62,54075,54109,34
I (1473689) extender_vdp: GT1,63,54066,54092,26
I (1473689) extender_vdp: GT1,64,49895,49924,29
I (1473690) extender_vdp: GT1,65,54077,54108,31
I (1473690) extender_vdp: GT1,66,54054,54090,36
I (1473691) extender_vdp: GT1,67,58235,58270,35
I (1473691) extender_vdp: GT1,68,49881,49912,31
I (1473692) extender_vdp: GT1,69,49898,49927,29
I (1473692) extender_vdp: GT1,70,54080,54108,28
I (1473693) extender_vdp: GT1,71,45715,45740,25
I (1473693) extender_vdp: GT1,72,41585,41611,26
I (1473694) extender_vdp: GT1,73,41553,41581,28
I (1473694) extender_vdp: GT1,74,45734,45768,34
I (1473695) extender_vdp: GT1,75,41570,41599,29
I (1473695) extender_vdp: GT1,76,45726,45754,28
I (1473696) extender_vdp: GT1,77,45727,45760,33
I (1473696) extender_vdp: GT1,78,45739,45769,30
I (1473697) extender_vdp: GT1,79,45740,45771,31
I (1473697) extender_vdp: GT1,80,41547,41578,31
I (1473698) extender_vdp: GT1,81,49893,49926,33
I (1473698) extender_vdp: GT1,82,49907,49938,31
I (1473699) extender_vdp: GT1,83,45738,45769,31
I (1473699) extender_vdp: GT1,84,54050,54078,28
I (1473700) extender_vdp: GT1,85,54064,54094,30
I (1473700) extender_vdp: GT1,86,49902,49937,35
I (1473701) extender_vdp: GT1,87,58224,58257,33
I (1473701) extender_vdp: GT1,88,58256,58291,35
I (1473702) extender_vdp: GT1,89,49872,49903,31
I (1473702) extender_vdp: GT1,90,54064,54094,30
I (1473703) extender_vdp: GT1,91,49909,49938,29
I (1473703) extender_vdp: GT1,92,49893,49925,32
I (1473704) extender_vdp: GT1,93,58228,58261,33
I (1473704) extender_vdp: GT1,94,54070,54101,31
I (1473705) extender_vdp: GT1,95,54067,54094,27
I (1473705) extender_vdp: GT1,96,58216,58248,32
I (1473706) extender_vdp: GT1,97,54077,54107,30
I (1473706) extender_vdp: GT1,98,54067,54098,31
I (1473707) extender_vdp: GT1,99,58206,58233,27
I (1473707) extender_vdp: GT1,100,62403,62432,29
I (1473708) extender_vdp: GT1,101,62411,62448,37
I (1473708) extender_vdp: GT1,102,62389,62417,28
I (1473709) extender_vdp: GT1,103,66597,66623,26
I (1473709) extender_vdp: GT1,104,74899,74928,29
I (1473710) extender_vdp: GT1,105,74889,74924,35
I (1473710) extender_vdp: GT1,106,70710,70742,32
I (1473711) extender_vdp: GT1,107,70707,70735,28
I (1473711) extender_vdp: GT1,108,70727,70759,32
I (1473712) extender_vdp: GT1,109,70745,70776,31
I (1473712) extender_vdp: GT1,110,70713,70743,30
I (1473713) extender_vdp: GT1,111,66594,66621,27
I (1473713) extender_vdp: GT1,112,66544,66572,28
I (1473714) extender_vdp: GT1,113,83225,83257,32
I (1473714) extender_vdp: GT1,114,74874,74901,27
I (1473715) extender_vdp: GT1,115,79070,79101,31
I (1473715) extender_vdp: GT1,116,74889,74917,28
I (1473716) extender_vdp: GT1,117,74912,74940,28
I (1473716) extender_vdp: GT1,118,79084,79112,28
I (1473717) extender_vdp: GT1,119,79060,79090,30
